00:00 +0: loading C:/Users/PORTCR/Music/SPECTA APK/SPECTA/integration_test/phase2f_device_verification_test.dart
Running Gradle task 'assembleDebug'...                          
flutter.bat : WARNING: Your app uses the 
following plugins that apply Kotlin Gradle 
Plugin (KGP): cryptography_flutter, flutter_js
At line:1 char:47
+ ... PK\SPECTA'; & 
'H:\flutter\bin\flutter.bat' test 
integration_test/phas ...
+                 ~~~~~~~~~~~~~~~~~~~~~~~~~~~~~~
~~~~~~~~~~~~~~~~~~~~~~~~~~~
    + CategoryInfo          : NotSpecified: (WA 
   RNING: Your a...ter, flutter_js:String) [],  
   RemoteException
    + FullyQualifiedErrorId : NativeCommandErro 
   r
 
Future versions of Flutter will fail to build 
if your app uses plugins that apply KGP.

Please check the changelogs of these plugins 
and upgrade to a version that supports Built-in 
Kotlin.
If no such version exists, report the issue to 
the plugin. If necessary, here is a guide on 
filing
an issue against a plugin: https://docs.flutter.
dev/release/breaking-changes/migrate-to-built-in
-kotlin/for-app-developers#report-incompatible-k
otlin-gradle-plugin-usage-to-plugin-authors

If you are a plugin author, please migrate your 
plugin to Built-in Kotlin using this guide: http
s://docs.flutter.dev/release/breaking-changes/mi
grate-to-built-in-kotlin/for-plugin-authors
Running Gradle task 'assembleDebug'...                             35.9s
ΓêÜ Built build\app\outputs\flutter-apk\app-debug.apk
Installing build\app\outputs\flutter-apk\app-debug.apk...          12.7s
00:00 +0: P2F-1: the on-device database is at the declared schema version
[SPECTA-P2F] on-device PRAGMA user_version = 8
[SPECTA-P2F] settings_entries reachable after upgrade
[SPECTA-P2F] watch_progress reachable after upgrade
[SPECTA-P2F] media_references reachable after upgrade
00:00 +1: P2F-2: the persistent sink writes real progress to the device database
[SPECTA-P2F] continue watching rows present on device: [__p2f_test__|movie|2026, __p2f_test__|series|2026|s1e2]
[SPECTA-P2F] verification rows removed
00:01 +2: P2F-3: durable resume provenance is stored on the device database
[SPECTA-P2F] durable provenance on device: [__p2f_ext_a__, __p2f_ext_b__]
[SPECTA-P2F] provenance verification rows removed
00:01 +3: (tearDownAll)
00:02 +3: All tests passed!
