00:00 +0: loading C:/Users/PORTCR/Music/SPECTA APK/SPECTA/integration_test/phase2gc_device_verification_test.dart
Running Gradle task 'assembleDebug'...                          
WARNING: Your app uses the following plugins that apply Kotlin Gradle Plugin (KGP): cryptography_flutter, flutter_js
Future versions of Flutter will fail to build if your app uses plugins that apply KGP.

Please check the changelogs of these plugins and upgrade to a version that supports Built-in Kotlin.
If no such version exists, report the issue to the plugin. If necessary, here is a guide on filing
an issue against a plugin: https://docs.flutter.dev/release/breaking-changes/migrate-to-built-in-kotlin/for-app-developers#report-incompatible-kotlin-gradle-plugin-usage-to-plugin-authors

If you are a plugin author, please migrate your plugin to Built-in Kotlin using this guide: https://docs.flutter.dev/release/breaking-changes/migrate-to-built-in-kotlin/for-plugin-authors
Running Gradle task 'assembleDebug'...                             32.0s
√ Built build\app\outputs\flutter-apk\app-debug.apk
Installing build\app\outputs\flutter-apk\app-debug.apk...           8.0s
00:00 +0: P2GC-1: enqueue → real device transfer → completion gate → COMPLETED
[SPECTA-P2GC] enqueue action=created status=queued
00:20 +0: loading C:/Users/PORTCR/Music/SPECTA APK/SPECTA/integration_test/phase2gc_device_verification_test.dart
No widgets found at Offset(61.3, 214.9).
No widgets found at Offset(146.1, 622.4).
No widgets found at Offset(113.1, 596.8).
01:39 +0: P2GC-1: enqueue → real device transfer → completion gate → COMPLETED
[SPECTA-P2GC] final status=completed bytes=2097176/2097176
[SPECTA-P2GC] engine progress events=49 first=8028/2097176 last=2082216/2097176
[SPECTA-P2GC] gate file bytes=2097176 partExists=false
[SPECTA-P2GC] P2GC-1 artifact cleaned
01:39 +1: P2GC-2: cancellation during transfer never completes the record
WARNING (drift): It looks like you've created the database class SpectaDatabase multiple times. When these two databases use the same QueryExecutor, race conditions will occur and might corrupt the database. 
Try to follow the advice at https://drift.simonbinder.eu/faq/#using-the-database or, if you know what you're doing, set driftRuntimeOptions.dontWarnAboutMultipleDatabases = true
Here is the stacktrace from when the database was opened a second time:
#0      GeneratedDatabase._handleInstantiated (package:drift/src/runtime/api/db_base.dart:96:30)
#1      GeneratedDatabase._whenConstructed (package:drift/src/runtime/api/db_base.dart:73:12)
#2      new GeneratedDatabase (package:drift/src/runtime/api/db_base.dart:64:5)
#3      new _$SpectaDatabase (package:specta/core/database/specta_database.g.dart:4443:39)
#4      new SpectaDatabase (package:specta/core/database/specta_database.dart:35:7)
#5      spectaDatabaseProvider.<anonymous closure> (package:specta/core/database/database_providers.dart:15:39)
#6      Provider.create (package:riverpod/src/providers/provider.dart:59:36)
#7      $ProviderElement.create (package:riverpod/src/providers/provider.dart:343:33)
#8      ProviderElement.buildState (package:riverpod/src/core/element.dart:751:28)
#9      ProviderElement.mount (package:riverpod/src/core/element.dart:587:7)
#10     ProviderElement.flush (package:riverpod/src/core/element.dart:704:9)
#11     $ProviderBaseImpl._addListener (package:riverpod/src/core/provider/provider.dart:119:24)
#12     ProviderElement.listen (package:riverpod/src/core/element.dart:991:28)
#13     Ref.watch (package:riverpod/src/core/ref.dart:726:20)
#14     downloadStoreProvider.<anonymous closure> (package:specta/core/downloads/download_providers.dart:28:26)
#15     Provider.create (package:riverpod/src/providers/provider.dart:59:36)
#16     $ProviderElement.create (package:riverpod/src/providers/provider.dart:343:33)
#17     ProviderElement.buildState (package:riverpod/src/core/element.dart:751:28)
#18     ProviderElement.mount (package:riverpod/src/core/element.dart:587:7)
#19     ProviderElement.flush (package:riverpod/src/core/element.dart:704:9)
#20     $ProviderBaseImpl._addListener (package:riverpod/src/core/provider/provider.dart:119:24)
#21     ProviderElement.listen (package:riverpod/src/core/element.dart:991:28)
#22     Ref.watch (package:riverpod/src/core/ref.dart:726:20)
#23     downloadManagerProvider.<anonymous closure> (package:specta/core/downloads/download_providers.dart:98:20)
#24     Provider.create (package:riverpod/src/providers/provider.dart:59:36)
#25     $ProviderElement.create (package:riverpod/src/providers/provider.dart:343:33)
#26     ProviderElement.buildState (package:riverpod/src/core/element.dart:751:28)
#27     ProviderElement.mount (package:riverpod/src/core/element.dart:587:7)
#28     ProviderElement.flush (package:riverpod/src/core/element.dart:704:9)
#29     $ProviderBaseImpl._addListener (package:riverpod/src/core/provider/provider.dart:119:24)
#30     ProviderContainer.listen (package:riverpod/src/core/provider_container.dart:1141:26)
#31     ProviderContainer.read (package:riverpod/src/core/provider_container.dart:1068:17)
#32     main.wired (file:///C:/Users/PORTCR/Music/SPECTA%20APK/SPECTA/integration_test/phase2gc_device_verification_test.dart:108:47)
#33     main.<anonymous closure> (file:///C:/Users/PORTCR/Music/SPECTA%20APK/SPECTA/integration_test/phase2gc_device_verification_test.dart:243:70)
#34     testWidgets.<anonymous closure>.<anonymous closure> (package:flutter_test/src/widget_tester.dart:192:29)
<asynchronous suspension>
#35     TestWidgetsFlutterBinding._runTestBody (package:flutter_test/src/binding.dart:1953:5)
<asynchronous suspension>
#36     StackZoneSpecification._registerCallback.<anonymous closure> (package:stack_trace/src/stack_zone_specification.dart:114:42)
<asynchronous suspension>
This warning will only appear on debug builds.
[SPECTA-P2GC] cancel requested=true
[SPECTA-P2GC] part file after cancel: false
[SPECTA-P2GC] P2GC-2 artifact cleaned
01:40 +2: P2GC-3: restart reconciliation adopts a surviving transfer
══╡ EXCEPTION CAUGHT BY FLUTTER TEST FRAMEWORK ╞════════════════════════════════════════════════════
The following TestFailure was thrown running a test:
Expected: DownloadStatus:<DownloadStatus.downloading>
  Actual: DownloadStatus:<DownloadStatus.cancelled>

When the exception was thrown, this was the stack:
#4      main.<anonymous closure> (file:///C:/Users/PORTCR/Music/SPECTA%20APK/SPECTA/integration_test/phase2gc_device_verification_test.dart:306:7)
<asynchronous suspension>
#5      testWidgets.<anonymous closure>.<anonymous closure> (package:flutter_test/src/widget_tester.dart:192:15)
<asynchronous suspension>
#6      TestWidgetsFlutterBinding._runTestBody (package:flutter_test/src/binding.dart:1953:5)
<asynchronous suspension>
<asynchronous suspension>
(elided one frame from package:stack_trace)

This was caught by the test expectation on the following line:
  file:///C:/Users/PORTCR/Music/SPECTA%20APK/SPECTA/integration_test/phase2gc_device_verification_test.dart line 306
The test description was:
  P2GC-3: restart reconciliation adopts a surviving transfer
════════════════════════════════════════════════════════════════════════════════════════════════════
02:11 +2 -1: P2GC-3: restart reconciliation adopts a surviving transfer [E]
  Test failed. See exception logs above.
  The test description was: P2GC-3: restart reconciliation adopts a surviving transfer
  
02:11 +2 -1: (tearDownAll)
02:12 +2 -1: Some tests failed.

Failing tests:
  C:/Users/PORTCR/Music/SPECTA APK/SPECTA/integration_test/phase2gc_device_verification_test.dart: P2GC-3: restart reconciliation adopts a surviving transfer
=== END rc=1 ===
