Injecting build-time defines: TMDB_API_KEY
Running: flutter build apk (debug)
Resolving dependencies...
Downloading packages...
  cli_util 0.5.2 (0.6.0 available)
  code_assets 2.0.0 (2.1.0 available)
  dbus 0.7.15 (0.8.0 available)
  material_color_utilities 0.13.0 (0.13.1 available)
  native_toolchain_c 0.19.4 (0.19.5 available)
  nm 0.5.0 (0.6.0 available)
  test_api 0.7.12 (0.7.14 available)
  vector_math 2.4.0 (2.4.3 available)
Got dependencies!
8 packages have newer versions incompatible with dependency constraints.
Try `flutter pub outdated` for more information.
Running Gradle task 'assembleDebug'...                          
Downloading file from: https://github.com/media-kit/libmpv-android-video-build/releases/download/v1.1.7/default-arm64-v8a.jar
Downloading file from: https://github.com/media-kit/libmpv-android-video-build/releases/download/v1.1.7/default-armeabi-v7a.jar
Downloading file from: https://github.com/media-kit/libmpv-android-video-build/releases/download/v1.1.7/default-x86_64.jar
Downloading file from: https://github.com/media-kit/libmpv-android-video-build/releases/download/v1.1.7/default-x86.jar
Running Gradle task 'assembleDebug'...                            601.4s
√ Built build\app\outputs\flutter-apk\app-debug.apk
