=== D-3 device run: p2gc3_run4 === Tue, Sep 22, 2026  1:28:09 PM
00:00 +0: loading C:/Users/PORTCR/Music/SPECTA APK/SPECTA/integration_test/phase2gc_device_verification_test.dart
Running Gradle task 'assembleDebug'...                          
WARNING: Your app uses the following plugins that apply Kotlin Gradle Plugin (KGP): cryptography_flutter, flutter_js
Future versions of Flutter will fail to build if your app uses plugins that apply KGP.

Please check the changelogs of these plugins and upgrade to a version that supports Built-in Kotlin.
If no such version exists, report the issue to the plugin. If necessary, here is a guide on filing
an issue against a plugin: https://docs.flutter.dev/release/breaking-changes/migrate-to-built-in-kotlin/for-app-developers#report-incompatible-kotlin-gradle-plugin-usage-to-plugin-authors

If you are a plugin author, please migrate your plugin to Built-in Kotlin using this guide: https://docs.flutter.dev/release/breaking-changes/migrate-to-built-in-kotlin/for-plugin-authors
Running Gradle task 'assembleDebug'...                             33.3s
√ Built build\app\outputs\flutter-apk\app-debug.apk
Installing build\app\outputs\flutter-apk\app-debug.apk...           7.8s
00:00 +0: P2GC-3: restart reconciliation adopts a surviving transfer
[SPECTA-P2GC] isTransferActive=true
WARNING (drift): It looks like you've created the database class SpectaDatabase multiple times. When these two databases use the same QueryExecutor, race conditions will occur and might corrupt the database. 
Try to follow the advice at https://drift.simonbinder.eu/faq/#using-the-database or, if you know what you're doing, set driftRuntimeOptions.dontWarnAboutMultipleDatabases = true
Here is the stacktrace from when the database was opened a second time:
#0      GeneratedDatabase._handleInstantiated (package:drift/src/runtime/api/db_base.dart:96:30)
#1      GeneratedDatabase._whenConstructed (package:drift/src/runtime/api/db_base.dart:73:12)
#2      new GeneratedDatabase (package:drift/src/runtime/api/db_base.dart:64:5)
#3      new _$SpectaDatabase (package:specta/core/database/specta_database.g.dart:4443:39)
#4      new SpectaDatabase (package:specta/core/database/specta_database.dart:35:7)
#5      spectaDatabaseProvider.<anonymous closure> (package:specta/core/database/database_providers.dart:15:39)
#6      Provider.create (package:riverpod/src/providers/provider.dart:59:36)
#7      $ProviderElement.create (package:riverpod/src/providers/provider.dart:343:33)
#8      ProviderElement.buildState (package:riverpod/src/core/element.dart:751:28)
#9      ProviderElement.mount (package:riverpod/src/core/element.dart:587:7)
#10     ProviderElement.flush (package:riverpod/src/core/element.dart:704:9)
#11     $ProviderBaseImpl._addListener (package:riverpod/src/core/provider/provider.dart:119:24)
#12     ProviderElement.listen (package:riverpod/src/core/element.dart:991:28)
#13     Ref.watch (package:riverpod/src/core/ref.dart:726:20)
#14     downloadStoreProvider.<anonymous closure> (package:specta/core/downloads/download_providers.dart:28:26)
#15     Provider.create (package:riverpod/src/providers/provider.dart:59:36)
#16     $ProviderElement.create (package:riverpod/src/providers/provider.dart:343:33)
#17     ProviderElement.buildState (package:riverpod/src/core/element.dart:751:28)
#18     ProviderElement.mount (package:riverpod/src/core/element.dart:587:7)
#19     ProviderElement.flush (package:riverpod/src/core/element.dart:704:9)
#20     $ProviderBaseImpl._addListener (package:riverpod/src/core/provider/provider.dart:119:24)
#21     ProviderElement.listen (package:riverpod/src/core/element.dart:991:28)
#22     Ref.watch (package:riverpod/src/core/ref.dart:726:20)
#23     downloadManagerProvider.<anonymous closure> (package:specta/core/downloads/download_providers.dart:98:20)
#24     Provider.create (package:riverpod/src/providers/provider.dart:59:36)
#25     $ProviderElement.create (package:riverpod/src/providers/provider.dart:343:33)
#26     ProviderElement.buildState (package:riverpod/src/core/element.dart:751:28)
#27     ProviderElement.mount (package:riverpod/src/core/element.dart:587:7)
#28     ProviderElement.flush (package:riverpod/src/core/element.dart:704:9)
#29     $ProviderBaseImpl._addListener (package:riverpod/src/core/provider/provider.dart:119:24)
#30     ProviderContainer.listen (package:riverpod/src/core/provider_container.dart:1141:26)
#31     ProviderContainer.read (package:riverpod/src/core/provider_container.dart:1068:17)
#32     main.wired (file:///C:/Users/PORTCR/Music/SPECTA%20APK/SPECTA/integration_test/phase2gc_device_verification_test.dart:108:47)
#33     main.<anonymous closure> (file:///C:/Users/PORTCR/Music/SPECTA%20APK/SPECTA/integration_test/phase2gc_device_verification_test.dart:326:72)
<asynchronous suspension>
#34     testWidgets.<anonymous closure>.<anonymous closure> (package:flutter_test/src/widget_tester.dart:192:15)
<asynchronous suspension>
#35     TestWidgetsFlutterBinding._runTestBody (package:flutter_test/src/binding.dart:1953:5)
<asynchronous suspension>
#36     StackZoneSpecification._registerCallback.<anonymous closure> (package:stack_trace/src/stack_zone_specification.dart:114:42)
<asynchronous suspension>
This warning will only appear on debug builds.
[SPECTA-P2GC] manager recreated; adoption decided
══╡ EXCEPTION CAUGHT BY FLUTTER TEST FRAMEWORK ╞════════════════════════════════════════════════════
The following PathNotFoundException was thrown running a test:
Cannot retrieve length of file, path = '/data/user/0/net.specta.app/files/media/P2GC Device
Verification (1gugs38).mp4' (OS Error: No such file or directory, errno = 2)

When the exception was thrown, this was the stack:
#0      _checkForErrorResponse (dart:io/common.dart:58:9)
#1      _File.length.<anonymous closure> (dart:io/file_impl.dart:448:7)
<asynchronous suspension>
#7      FileDownloadCompletionFinalizer.finalize (package:specta/core/downloads/download_manager.dart:213:22)
<asynchronous suspension>
#8      DownloadManager._reconcileResult (package:specta/core/downloads/download_manager.dart:997:27)
<asynchronous suspension>
#9      DownloadManager._runAdoptedAttempt (package:specta/core/downloads/download_manager.dart:960:5)
<asynchronous suspension>
(elided 5 frames from dart:async and package:stack_trace)

The test description was:
  P2GC-3: restart reconciliation adopts a surviving transfer
════════════════════════════════════════════════════════════════════════════════════════════════════
00:04 +0 -1: P2GC-3: restart reconciliation adopts a surviving transfer [E]
  Test failed. See exception logs above.
  The test description was: P2GC-3: restart reconciliation adopts a surviving transfer
  
00:04 +0 -1: (tearDownAll)
00:04 +0 -1: P2GC-3: restart reconciliation adopts a surviving transfer
══╡ EXCEPTION CAUGHT BY FLUTTER TEST FRAMEWORK ╞════════════════════════════════════════════════════
The following ConnectionClosedException was thrown running a test (but after the test had
completed):
Channel was closed before receiving a response

When the exception was thrown, this was the stack:
#0      DriftCommunication.request (package:drift/src/remote/communication.dart:118:66)
#1      _BaseExecutor._runRequest (package:drift/src/remote/client_impl.dart:109:28)
#2      _BaseExecutor.runSelect (package:drift/src/remote/client_impl.dart:153:26)
#3      LazyDatabase.runSelect (package:drift/src/utils/lazy_database.dart:102:22)
#4      LazyDatabase.runSelect (package:drift/src/utils/lazy_database.dart:102:22)
#5      SimpleSelectStatement._getRaw.<anonymous closure> (package:drift/src/runtime/query_builder/statements/select/select.dart:81:16)
#6      DatabaseConnectionUser.doWhenOpened.<anonymous closure> (package:drift/src/runtime/api/connection_user.dart:172:16)
<asynchronous suspension>
#12     SimpleSelectStatement._mapResponse (package:drift/src/runtime/query_builder/statements/select/select.dart:90:3)
<asynchronous suspension>
#13     Selectable.getSingleOrNull (package:drift/src/runtime/query_builder/statements/query.dart:249:18)
<asynchronous suspension>
#14     DownloadDao.recordFor (package:specta/core/downloads/download_dao.dart:33:30)
<asynchronous suspension>
#15     main.recordOf (file:///C:/Users/PORTCR/Music/SPECTA%20APK/SPECTA/integration_test/phase2gc_device_verification_test.dart:113:8)
<asynchronous suspension>
#16     main.waitFor (file:///C:/Users/PORTCR/Music/SPECTA%20APK/SPECTA/integration_test/phase2gc_device_verification_test.dart:127:16)
<asynchronous suspension>
#17     main.<anonymous closure> (file:///C:/Users/PORTCR/Music/SPECTA%20APK/SPECTA/integration_test/phase2gc_device_verification_test.dart:334:36)
<asynchronous suspension>
#18     testWidgets.<anonymous closure>.<anonymous closure> (package:flutter_test/src/widget_tester.dart:192:15)
<asynchronous suspension>
#19     TestWidgetsFlutterBinding._runTestBody (package:flutter_test/src/binding.dart:1953:5)
<asynchronous suspension>
<asynchronous suspension>
(elided 6 frames from dart:async and package:stack_trace)
════════════════════════════════════════════════════════════════════════════════════════════════════
00:04 +0 -1: P2GC-3: restart reconciliation adopts a surviving transfer [E]
  Test failed. See exception logs above.
  The test description was: P2GC-3: restart reconciliation adopts a surviving transfer
  
══╡ EXCEPTION CAUGHT BY FLUTTER TEST FRAMEWORK ╞════════════════════════════════════════════════════
The following StateError was thrown running a test (but after the test had completed):
Bad state: Tried to send Request (id = 23): StatementMethod.insert: INSERT INTO "downloads" ("id",
"media_key", "media_type", "title", "subtitle_line", "season_number", "episode_number", "state",
"wait_reason", "bytes_downloaded", "total_bytes", "file_path", "source_extension_id",
"source_reference", "source_label", "attempt", "error_code", "error_message", "created_at",
"updated_at", "completed_at") VALUES (?, ?, ?, ?, ?, ?, ?, ?, ?, ?, ?, ?, ?, ?, ?, ?, ?, ?, ?, ?, ?)
ON CONFLICT("id") DO UPDATE SET "id" = ?, "media_key" = ?, "media_type" = ?, "title" = ?,
"subtitle_line" = ?, "season_number" = ?, "episode_number" = ?, "state" = ?, "wait_reason" = ?,
"bytes_downloaded" = ?, "total_bytes" = ?, "file_path" = ?, "source_extension_id" = ?,
"source_reference" = ?, "source_label" = ?, "attempt" = ?, "error_code" = ?, "error_message" = ?,
"created_at" = ?, "updated_at" = ?, "completed_at" = ? with [__p2gc_test__|movie|2026,
__p2gc_test__|movie|2026, movie, P2GC Device Verification, null, null, null, failed, null, 8192,
null, /data/user/0/net.specta.app/files/media/P2GC Device Verification (1gugs38).mp4, __p2gc_ext__,
__p2gc_ref__, Device verification source, 1, STORAGE_FAILURE, The download could not be written to
storage., 1790072947, 1790072949, null, __p2gc_test__|movie|2026, __p2gc_test__|movie|2026, movie,
P2GC Device Verification, null, null, null, failed, null, 8192, null,
/data/user/0/net.specta.app/files/media/P2GC Device Verification (1gugs38).mp4, __p2gc_ext__,
__p2gc_ref__, Device verification source, 1, STORAGE_FAILURE, The download could not be written to
storage., 1790072947, 1790072949, null] over isolate channel, but the connection was closed!

When the exception was thrown, this was the stack:
#0      DriftCommunication._send (package:drift/src/remote/communication.dart:133:7)
#1      DriftCommunication.request (package:drift/src/remote/communication.dart:120:5)
#2      _BaseExecutor._runRequest (package:drift/src/remote/client_impl.dart:109:28)
#3      _BaseExecutor._intRequest (package:drift/src/remote/client_impl.dart:120:28)
#4      _BaseExecutor.runInsert (package:drift/src/remote/client_impl.dart:145:12)
#5      LazyDatabase.runInsert (package:drift/src/utils/lazy_database.dart:95:17)
#6      LazyDatabase.runInsert (package:drift/src/utils/lazy_database.dart:95:17)
#7      InsertStatement.insert.<anonymous closure> (package:drift/src/runtime/query_builder/statements/insert.dart:77:26)
#8      DatabaseConnectionUser.doWhenOpened.<anonymous closure> (package:drift/src/runtime/api/connection_user.dart:172:16)
<asynchronous suspension>
#14     InsertStatement.insert (package:drift/src/runtime/query_builder/statements/insert.dart:76:12)
<asynchronous suspension>
#15     DownloadDao.upsert (package:specta/core/downloads/download_dao.dart:41:5)
<asynchronous suspension>
#16     DownloadManager._persist (package:specta/core/downloads/download_manager.dart:1211:5)
<asynchronous suspension>
#17     DownloadManager._applyFailure (package:specta/core/downloads/download_manager.dart:1079:5)
<asynchronous suspension>
#18     DownloadManager._reconcileResult (package:specta/core/downloads/download_manager.dart:1005:11)
<asynchronous suspension>
#19     DownloadManager._runAttempt (package:specta/core/downloads/download_manager.dart:939:5)
<asynchronous suspension>
(elided 5 frames from dart:async and package:stack_trace)
════════════════════════════════════════════════════════════════════════════════════════════════════
  Test failed. See exception logs above.
  The test description was: P2GC-3: restart reconciliation adopts a surviving transfer
  
00:05 +0 -1: Some tests failed.

Failing tests:
  C:/Users/PORTCR/Music/SPECTA APK/SPECTA/integration_test/phase2gc_device_verification_test.dart: P2GC-3: restart reconciliation adopts a surviving transfer
=== exit=1 === Tue, Sep 22, 2026  1:29:10 PM
