=== D-3 device run: build1 === Tue, Sep 22, 2026 10:37:26 AM
00:00 +0: loading C:/Users/PORTCR/Music/SPECTA APK/SPECTA/integration_test/phase2gc_device_verification_test.dart
Running Gradle task 'assembleDebug'...                          
WARNING: Your app uses the following plugins that apply Kotlin Gradle Plugin (KGP): cryptography_flutter, flutter_js
Future versions of Flutter will fail to build if your app uses plugins that apply KGP.

Please check the changelogs of these plugins and upgrade to a version that supports Built-in Kotlin.
If no such version exists, report the issue to the plugin. If necessary, here is a guide on filing
an issue against a plugin: https://docs.flutter.dev/release/breaking-changes/migrate-to-built-in-kotlin/for-app-developers#report-incompatible-kotlin-gradle-plugin-usage-to-plugin-authors

If you are a plugin author, please migrate your plugin to Built-in Kotlin using this guide: https://docs.flutter.dev/release/breaking-changes/migrate-to-built-in-kotlin/for-plugin-authors
Running Gradle task 'assembleDebug'...                            146.7s
√ Built build\app\outputs\flutter-apk\app-debug.apk
Installing build\app\outputs\flutter-apk\app-debug.apk...           8.4s
00:00 +0: P2GC-1: enqueue → real device transfer → completion gate → COMPLETED
[SPECTA-P2GC] enqueue action=created status=queued
01:23 +0: P2GC-1: enqueue → real device transfer → completion gate → COMPLETED - did not complete [E]
01:23 +0: P2GC-2: cancellation during transfer never completes the record - did not complete [E]
01:23 +0: P2GC-3: restart reconciliation adopts a surviving transfer - did not complete [E]
01:23 +0: (tearDownAll) - did not complete [E]
01:23 +0: Some tests failed.

Failing tests:
  C:/Users/PORTCR/Music/SPECTA APK/SPECTA/integration_test/phase2gc_device_verification_test.dart: (tearDownAll) (did not complete)
  C:/Users/PORTCR/Music/SPECTA APK/SPECTA/integration_test/phase2gc_device_verification_test.dart: P2GC-1: enqueue → real device transfer → completion gate → COMPLETED (did not complete)
  C:/Users/PORTCR/Music/SPECTA APK/SPECTA/integration_test/phase2gc_device_verification_test.dart: P2GC-2: cancellation during transfer never completes the record (did not complete)
  C:/Users/PORTCR/Music/SPECTA APK/SPECTA/integration_test/phase2gc_device_verification_test.dart: P2GC-3: restart reconciliation adopts a surviving transfer (did not complete)
No tests were found.
=== exit=79 === Tue, Sep 22, 2026 10:41:44 AM
