Resolving dependencies...
Downloading packages...
  cli_util 0.5.2 (0.6.0 available)
  material_color_utilities 0.13.0 (0.13.1 available)
  test_api 0.7.12 (0.7.14 available)
  vector_math 2.4.0 (2.4.2 available)
Got dependencies!
4 packages have newer versions incompatible with dependency constraints.
Try `flutter pub outdated` for more information.
00:00 +0: loading C:/Users/PORTCR/Music/SPECTA APK/SPECTA/integration_test/phase2e_device_verification_test.dart
Running Gradle task 'assembleDebug'...                          
WARNING: Your app uses the following plugins that apply Kotlin Gradle Plugin (KGP): cryptography_flutter, flutter_js
Future versions of Flutter will fail to build if your app uses plugins that apply KGP.

Please check the changelogs of these plugins and upgrade to a version that supports Built-in Kotlin.
If no such version exists, report the issue to the plugin. If necessary, here is a guide on filing
an issue against a plugin: https://docs.flutter.dev/release/breaking-changes/migrate-to-built-in-kotlin/for-app-developers#report-incompatible-kotlin-gradle-plugin-usage-to-plugin-authors

If you are a plugin author, please migrate your plugin to Built-in Kotlin using this guide: https://docs.flutter.dev/release/breaking-changes/migrate-to-built-in-kotlin/for-plugin-authors
Running Gradle task 'assembleDebug'...                             36.5s
√ Built build\app\outputs\flutter-apk\app-debug.apk
Installing build\app\outputs\flutter-apk\app-debug.apk...          13.0s
00:00 +0: P2E-1: MediaKit engine constructs on device
[SPECTA-P2E] engine construction start
[SPECTA-P2E] engine constructed (native lib loaded)
media_kit: NativeReferenceHolder: Allocated -5476376649289064448
[SPECTA-P2E] engine disposed cleanly
00:03 +1: P2E-2: real MP4 playback reaches a playable state
[SPECTA-P2E] opening real MP4: https://test-videos.co.uk/vids/bigbuckbunny/mp4/h264/360/Big_Buck_Bunny_360_10s_1MB.mp4
[SPECTA-P2E] MP4 playable — measured time-to-first-frame: 322ms
00:04 +2: P2E-3: real HLS playback reaches a playable state
[SPECTA-P2E] opening real HLS: https://test-streams.mux.dev/x36xhzz/x36xhzz.m3u8
[SPECTA-P2E] HLS playable
[SPECTA-P2E] setRate(1.25) applied
00:04 +3: P2E-4: ordered fallback through the real engine — dead source fails, session lands on the working source
[SPECTA-P2E] opening pool: dead candidate first, live MP4 second
[SPECTA-P2E] STATE: loading gen:1 attempt:0/3 failures:[]
[SPECTA-P2E] ENGINE: EngineRecovered
[SPECTA-P2E] ENGINE: EnginePlaying
[SPECTA-P2E] ENGINE: EngineBuffering
[SPECTA-P2E] ENGINE: EngineErrored (Failed to open http://127.0.0.1:1/dead.mp4.)
[SPECTA-P2E] STATE: switchingSource gen:1 attempt:2/3 failures:[SOURCE_OPEN_FAILURE]
[SPECTA-P2E] ENGINE: EngineRecovered
[SPECTA-P2E] ENGINE: EnginePlaying
[SPECTA-P2E] ENGINE: EngineBuffering
[SPECTA-P2E] ENGINE: EngineRecovered
[SPECTA-P2E] STATE: playing gen:1 attempt:2/3 failures:[SOURCE_OPEN_FAILURE]
[SPECTA-P2E] fallback OK — playing extLive after 1 failure(s); attempted 2/3; progressTicks=6
[SPECTA-P2E] session left cleanly
00:07 +4: P2E-5: progress sink receives reports during playback
[SPECTA-P2E] progress sink reported elapsed: 0:00:01.000000
00:28 +5: (tearDownAll)
00:29 +5: All tests passed!
EXIT=0
