00:00 +0: loading C:/Users/PORTCR/Music/SPECTA APK/SPECTA/integration_test/phase1_device_verification_test.dart
Running Gradle task 'assembleDebug'...                          
flutter.bat : WARNING: Your app uses the 
following plugins that apply Kotlin Gradle 
Plugin (KGP): cryptography_flutter, flutter_js
At line:1 char:77
+ ...  logcat -c; & 
'H:\flutter\bin\flutter.bat' test 
integration_test/phas ...
+                 ~~~~~~~~~~~~~~~~~~~~~~~~~~~~~~
~~~~~~~~~~~~~~~~~~~~~~~~~~~
    + CategoryInfo          : NotSpecified: (WA 
   RNING: Your a...ter, flutter_js:String) [],  
   RemoteException
    + FullyQualifiedErrorId : NativeCommandErro 
   r
 
Future versions of Flutter will fail to build 
if your app uses plugins that apply KGP.

Please check the changelogs of these plugins 
and upgrade to a version that supports Built-in 
Kotlin.
If no such version exists, report the issue to 
the plugin. If necessary, here is a guide on 
filing
an issue against a plugin: https://docs.flutter.
dev/release/breaking-changes/migrate-to-built-in
-kotlin/for-app-developers#report-incompatible-k
otlin-gradle-plugin-usage-to-plugin-authors

If you are a plugin author, please migrate your 
plugin to Built-in Kotlin using this guide: http
s://docs.flutter.dev/release/breaking-changes/mi
grate-to-built-in-kotlin/for-plugin-authors
Running Gradle task 'assembleDebug'...                             47.9s
ΓêÜ Built build\app\outputs\flutter-apk\app-debug.apk
Installing build\app\outputs\flutter-apk\app-debug.apk...          15.0s
00:00 +0: PHASE 1 ΓÇö real device runtime verification app startup renders and the foundation self-check reads SQLite
[SPECTA-P1] startup :: building the real app graph (ProviderContainer + SpectaStartup)
[SPECTA-P1] startup :: SPECTA launch frame rendered
[SPECTA-P1] startup :: foundation self-check: v8, settings round trip OK
[SPECTA-P1] startup :: screenshot unavailable in this harness: Bad state: Call convertFlutterSurfaceToImage() before taking a screenshot
00:05 +1: PHASE 1 ΓÇö real device runtime verification SpectaDatabase opens, migrates and round-trips on device
[SPECTA-P1] db :: on-device PRAGMA user_version = v8
[SPECTA-P1] db :: extensions, extension_versions, extension_failure_logs OK
[SPECTA-P1] db :: PRAGMA foreign_keys = 1
[SPECTA-P1] db :: settings round trip OK on the device filesystem
00:05 +2: PHASE 1 ΓÇö real device runtime verification QuickJS lifecycle on the real FFI bridge
[SPECTA-P1] engine :: evaluate + async promise bridging OK
[SPECTA-P1] engine :: no ambient host APIs; only the message bridge exists
[SPECTA-P1] engine :: dispose OK
[SPECTA-P1] engine :: fresh engine after dispose OK
00:05 +3: PHASE 1 ΓÇö real device runtime verification ExtensionManager installs, loads and calls operations on the real engine
[SPECTA-P1] manager :: probe written to /data/user/0/net.specta.app/code_cache/specta_p1_probe/probe_lifecycle.js
[SPECTA-P1] manager :: import OK ΓÇö trust unverified (unsigned, by design)
[SPECTA-P1] ext-log :: info: probe extension loaded on device
[SPECTA-P1] manager :: loadRuntime OK on the real QuickJS FFI bridge
[SPECTA-P1] manager :: capabilities() parsed from real JS OK
[SPECTA-P1] manager :: getSources() OK (mp4)
[SPECTA-P1] manager :: healthCheck OK
[SPECTA-P1] manager :: shutdown OK
[SPECTA-P1] manager :: uninstall OK
00:06 +4: PHASE 1 ΓÇö real device runtime verification controlled network path over the device network stack
[SPECTA-P1] network :: device has connectivity to example.com:443
[SPECTA-P1] ext-log :: info: probe extension loaded on device
[SPECTA-P1] ext-log :: debug: request GET https://example.com -> 200 in 1336ms
[SPECTA-P1] network :: extension request() over https OK ΓÇö response carried back to JS
00:11 +5: PHASE 1 ΓÇö real device runtime verification request policy refuses file:// and DELETE before any transport activity
[SPECTA-P1] policy :: file:// refused: SCHEME_NOT_ALLOWED: Scheme "file" is not allowed. Allowed: http, https
[SPECTA-P1] policy :: DELETE refused: METHOD_NOT_ALLOWED: Method "DELETE" is not allowed. Allowed: GET, HEAD, POST
[SPECTA-P1] policy :: zero transport activity across both refusals
00:11 +6: PHASE 1 ΓÇö real device runtime verification capability gate: undeclared network refused before the host API
[SPECTA-P1] gate :: network refusal: CAPABILITY_ERROR: this extension did not declare the "network" capability, so request() is unavailable.
00:11 +7: PHASE 1 ΓÇö real device runtime verification declared logging reaches the host sink through the real channel
[SPECTA-P1] gate :: declared log() reached the host sink on device
00:11 +8: PHASE 1 ΓÇö real device runtime verification an unregistered message channel does not crash the host
No channel specta_unknown_channel registered
[SPECTA-P1] channels :: unregistered channel outcome: returned:undefined
[SPECTA-P1] channels :: engine healthy after the unregistered-channel probe
00:11 +9: PHASE 1 ΓÇö real device runtime verification failure isolation: JS exception, malformed load, registry failure record, recovery
unhandled promise rejection: Error: deliberate device failure
    at boom (<eval>)
    at <anonymous> (<eval>)
    at <eval> (<eval>)

[SPECTA-P1] isolation :: JS exception contained as JsEvalException ΓÇö host alive
[SPECTA-P1] isolation :: malformed load contained: RUNTIME_ERROR [device.verify.probe/load] Extension failed to load
[SPECTA-P1] isolation :: failure recorded in the Drift registry (1 row(s))
[SPECTA-P1] isolation :: fresh sandbox loads cleanly after a failed load
00:12 +10: (tearDownAll)
00:13 +10: All tests passed!
